// Jest Snapshot v1, https://goo.gl/fbAQLP

exports[`App should match snapshot 1`] = `
ShallowWrapper {
  Symbol(enzyme.__root__): [Circular],
  Symbol(enzyme.__unrendered__): <App />,
  Symbol(enzyme.__renderer__): Object {
    "batchedUpdates": [Function],
    "checkPropTypes": [Function],
    "getNode": [Function],
    "render": [Function],
    "simulateError": [Function],
    "simulateEvent": [Function],
    "unmount": [Function],
  },
  Symbol(enzyme.__node__): Object {
    "instance": null,
    "key": undefined,
    "nodeType": "host",
    "props": Object {
      "children": Array [
        <UNDEFINED />,
        <UNDEFINED />,
        <FlashCards
          card={
            Object {
              "cardNumber": 101,
              "categoryId": 1,
              "definition": "A client-side JavaScript framework that allows you to easily and efficiently manipulate the DOM based on application data and how it changes in response to user interaction",
              "term": "React",
            }
          }
          deck={
            Array [
              Object {
                "cardNumber": 101,
                "categoryId": 1,
                "definition": "A client-side JavaScript framework that allows you to easily and efficiently manipulate the DOM based on application data and how it changes in response to user interaction",
                "term": "React",
              },
              Object {
                "cardNumber": 102,
                "categoryId": 1,
                "definition": "An in-memory object that represents a DOM structure and can be manipulated with JavaScript before updating the real DOM",
                "term": "The Virtual DOM",
              },
              Object {
                "cardNumber": 103,
                "categoryId": 1,
                "definition": "A mix of JavaScript and XML that facilitates rendering the appropriate HTML, lives inside a component",
                "term": "JSX",
              },
              Object {
                "cardNumber": 104,
                "categoryId": 1,
                "definition": "Reusable pieces of code that represent templates for a particular instance of a UI element. They are either functions or an extended ES6 class",
                "term": "Component",
              },
              Object {
                "cardNumber": 105,
                "categoryId": 1,
                "definition": "Components that simply need to render content to the DOM, and do not need to be aware of any application data that might be changing. They are sometimes called 'dumb' components and are stateless.",
                "term": "Functional Component",
              },
              Object {
                "cardNumber": 106,
                "categoryId": 1,
                "definition": "ES6 classes that extend an abstract 'Component' class,given to us by default by React to give more functionality to a component.  They each have a render method that allows us to specify what should be rendered to the DOM, and they keep track of some sort of application data.",
                "term": "Class Component",
              },
              Object {
                "cardNumber": 107,
                "categoryId": 1,
                "definition": "allow us to pass information from parent components to child components. We can pass strings, numbers, booleans, arrays, objects, functions, pretty much any piece of data we want access to in our child component.",
                "term": "Props",
              },
              Object {
                "cardNumber": 108,
                "categoryId": 1,
                "definition": "Holds data that represents the actual state of our application, can be changed and mutated through user interactions. The current data stored in relation to a particular part of a computer program.",
                "term": "State",
              },
              Object {
                "cardNumber": 109,
                "categoryId": 1,
                "definition": "A class component which stores and updates the information which it uses to render HTML (using state).",
                "term": "Stateful Component",
              },
              Object {
                "cardNumber": 110,
                "categoryId": 1,
                "definition": "The process where a component is created, updated and destroyed.",
                "term": "Lifecycle",
              },
              Object {
                "cardNumber": 111,
                "categoryId": 1,
                "definition": "A function that is invoked at some point during a component’s lifecycle.",
                "term": "Lifecycle Method",
              },
              Object {
                "cardNumber": 112,
                "categoryId": 1,
                "definition": "A lifecycle method that will be invoked after a component finishes rendering.  A good place to fetch or load data that a component's state might need.",
                "term": "componentDidMount",
              },
              Object {
                "cardNumber": 113,
                "categoryId": 1,
                "definition": "Part of the user interface which is only displayed if some condition is met, hiding or showing UI elements based on information in state or passed in as props.",
                "term": "Conditional Rendering",
              },
              Object {
                "cardNumber": 114,
                "categoryId": 1,
                "definition": "Data in the form of props is sent down from a parent to child component, and the child can use an inherited method to alert the parent of any changes/actions.",
                "term": "Data Down, Actions Up",
              },
              Object {
                "cardNumber": 115,
                "categoryId": 1,
                "definition": "Props that can be anything from state to methods, are passed down so they are accessible to child components.",
                "term": "Data Down",
              },
              Object {
                "cardNumber": 116,
                "categoryId": 1,
                "definition": "The parent component will pass the child a callback function as a prop. The child would then call the function to communicate with its parent, usually in response to a user interaction/event.",
                "term": "Actions Up",
              },
              Object {
                "cardNumber": 117,
                "categoryId": 1,
                "definition": "An officially supported way to create single-page React applications. It offers a modern build setup with no configuration.",
                "term": "create-react-app",
              },
              Object {
                "cardNumber": 201,
                "categoryId": 2,
                "definition": "Subject Under Test",
                "term": "SUT",
              },
              Object {
                "cardNumber": 202,
                "categoryId": 2,
                "definition": "Single Responsibility Principal: Each object/class/module/function should have a single, focused duty, and should know only as much information as it needs to perform it. This creates fewer dependencies and prevents bugs from creeping into our codebase",
                "term": "SRP",
              },
              Object {
                "cardNumber": 203,
                "categoryId": 2,
                "definition": "Setup, Execution, Assertion, Tear Down",
                "term": "Four Phases of a Test",
              },
              Object {
                "cardNumber": 204,
                "categoryId": 2,
                "definition": "A node-based test runner allowing fast parallel running of tests in a node environment.  It automatically finds tests in your codebase, mocks React dependencies, and runs your tests with fake DOM implementation",
                "term": "Jest",
              },
              Object {
                "cardNumber": 205,
                "categoryId": 2,
                "definition": "A JavaScript Testing utility for React that makes it easier to test your React Components' output.  It allows test files to be more readable and provides us with helper methods for testing common pieces of functionality.",
                "term": "Enzyme",
              },
              Object {
                "cardNumber": 206,
                "categoryId": 2,
                "definition": "What gets rendered, State Changes, Event Handlers",
                "term": "3 to Test on a Component",
              },
              Object {
                "cardNumber": 207,
                "categoryId": 2,
                "definition": "What allows us to test the rendered output of our component.",
                "term": "Snapshot Test",
              },
              Object {
                "cardNumber": 208,
                "categoryId": 2,
                "definition": "A helper function imported from Enzyme that allows us to create a shallow render to represent the output of our component.",
                "term": "shallow()",
              },
              Object {
                "cardNumber": 209,
                "categoryId": 2,
                "definition": "Basic representation of the rendered output for our component.",
                "term": "Shallow Render",
              },
              Object {
                "cardNumber": 210,
                "categoryId": 2,
                "definition": "Created with the shallow render method from Enzyme, gives us the 'wrapper' variable to refer to in place of our component test subject",
                "term": "wrapper",
              },
              Object {
                "cardNumber": 211,
                "categoryId": 2,
                "definition": "A handy method from Enzyme that allows us to access the state of our component.",
                "term": ".state()",
              },
              Object {
                "cardNumber": 212,
                "categoryId": 2,
                "definition": "Allows us to assert that a function has been called without having to worry about the logic inside of them.",
                "term": "jest.fn()",
              },
              Object {
                "cardNumber": 213,
                "categoryId": 2,
                "definition": "Finds every node in the render tree of the current wrapper that matches the provided selector.",
                "term": ".find(selector)",
              },
              Object {
                "cardNumber": 214,
                "categoryId": 2,
                "definition": "Simulates an event on an element by passing the event name string in as an argument.",
                "term": ".simulate()",
              },
            ]
          }
          removeFromDeck={[Function]}
        />,
      ],
      "className": "App",
    },
    "ref": null,
    "rendered": Array [
      Object {
        "instance": null,
        "key": undefined,
        "nodeType": "function",
        "props": Object {},
        "ref": null,
        "rendered": null,
        "type": Object {},
      },
      Object {
        "instance": null,
        "key": undefined,
        "nodeType": "function",
        "props": Object {},
        "ref": null,
        "rendered": null,
        "type": Object {},
      },
      Object {
        "instance": null,
        "key": undefined,
        "nodeType": "function",
        "props": Object {
          "card": Object {
            "cardNumber": 101,
            "categoryId": 1,
            "definition": "A client-side JavaScript framework that allows you to easily and efficiently manipulate the DOM based on application data and how it changes in response to user interaction",
            "term": "React",
          },
          "deck": Array [
            Object {
              "cardNumber": 101,
              "categoryId": 1,
              "definition": "A client-side JavaScript framework that allows you to easily and efficiently manipulate the DOM based on application data and how it changes in response to user interaction",
              "term": "React",
            },
            Object {
              "cardNumber": 102,
              "categoryId": 1,
              "definition": "An in-memory object that represents a DOM structure and can be manipulated with JavaScript before updating the real DOM",
              "term": "The Virtual DOM",
            },
            Object {
              "cardNumber": 103,
              "categoryId": 1,
              "definition": "A mix of JavaScript and XML that facilitates rendering the appropriate HTML, lives inside a component",
              "term": "JSX",
            },
            Object {
              "cardNumber": 104,
              "categoryId": 1,
              "definition": "Reusable pieces of code that represent templates for a particular instance of a UI element. They are either functions or an extended ES6 class",
              "term": "Component",
            },
            Object {
              "cardNumber": 105,
              "categoryId": 1,
              "definition": "Components that simply need to render content to the DOM, and do not need to be aware of any application data that might be changing. They are sometimes called 'dumb' components and are stateless.",
              "term": "Functional Component",
            },
            Object {
              "cardNumber": 106,
              "categoryId": 1,
              "definition": "ES6 classes that extend an abstract 'Component' class,given to us by default by React to give more functionality to a component.  They each have a render method that allows us to specify what should be rendered to the DOM, and they keep track of some sort of application data.",
              "term": "Class Component",
            },
            Object {
              "cardNumber": 107,
              "categoryId": 1,
              "definition": "allow us to pass information from parent components to child components. We can pass strings, numbers, booleans, arrays, objects, functions, pretty much any piece of data we want access to in our child component.",
              "term": "Props",
            },
            Object {
              "cardNumber": 108,
              "categoryId": 1,
              "definition": "Holds data that represents the actual state of our application, can be changed and mutated through user interactions. The current data stored in relation to a particular part of a computer program.",
              "term": "State",
            },
            Object {
              "cardNumber": 109,
              "categoryId": 1,
              "definition": "A class component which stores and updates the information which it uses to render HTML (using state).",
              "term": "Stateful Component",
            },
            Object {
              "cardNumber": 110,
              "categoryId": 1,
              "definition": "The process where a component is created, updated and destroyed.",
              "term": "Lifecycle",
            },
            Object {
              "cardNumber": 111,
              "categoryId": 1,
              "definition": "A function that is invoked at some point during a component’s lifecycle.",
              "term": "Lifecycle Method",
            },
            Object {
              "cardNumber": 112,
              "categoryId": 1,
              "definition": "A lifecycle method that will be invoked after a component finishes rendering.  A good place to fetch or load data that a component's state might need.",
              "term": "componentDidMount",
            },
            Object {
              "cardNumber": 113,
              "categoryId": 1,
              "definition": "Part of the user interface which is only displayed if some condition is met, hiding or showing UI elements based on information in state or passed in as props.",
              "term": "Conditional Rendering",
            },
            Object {
              "cardNumber": 114,
              "categoryId": 1,
              "definition": "Data in the form of props is sent down from a parent to child component, and the child can use an inherited method to alert the parent of any changes/actions.",
              "term": "Data Down, Actions Up",
            },
            Object {
              "cardNumber": 115,
              "categoryId": 1,
              "definition": "Props that can be anything from state to methods, are passed down so they are accessible to child components.",
              "term": "Data Down",
            },
            Object {
              "cardNumber": 116,
              "categoryId": 1,
              "definition": "The parent component will pass the child a callback function as a prop. The child would then call the function to communicate with its parent, usually in response to a user interaction/event.",
              "term": "Actions Up",
            },
            Object {
              "cardNumber": 117,
              "categoryId": 1,
              "definition": "An officially supported way to create single-page React applications. It offers a modern build setup with no configuration.",
              "term": "create-react-app",
            },
            Object {
              "cardNumber": 201,
              "categoryId": 2,
              "definition": "Subject Under Test",
              "term": "SUT",
            },
            Object {
              "cardNumber": 202,
              "categoryId": 2,
              "definition": "Single Responsibility Principal: Each object/class/module/function should have a single, focused duty, and should know only as much information as it needs to perform it. This creates fewer dependencies and prevents bugs from creeping into our codebase",
              "term": "SRP",
            },
            Object {
              "cardNumber": 203,
              "categoryId": 2,
              "definition": "Setup, Execution, Assertion, Tear Down",
              "term": "Four Phases of a Test",
            },
            Object {
              "cardNumber": 204,
              "categoryId": 2,
              "definition": "A node-based test runner allowing fast parallel running of tests in a node environment.  It automatically finds tests in your codebase, mocks React dependencies, and runs your tests with fake DOM implementation",
              "term": "Jest",
            },
            Object {
              "cardNumber": 205,
              "categoryId": 2,
              "definition": "A JavaScript Testing utility for React that makes it easier to test your React Components' output.  It allows test files to be more readable and provides us with helper methods for testing common pieces of functionality.",
              "term": "Enzyme",
            },
            Object {
              "cardNumber": 206,
              "categoryId": 2,
              "definition": "What gets rendered, State Changes, Event Handlers",
              "term": "3 to Test on a Component",
            },
            Object {
              "cardNumber": 207,
              "categoryId": 2,
              "definition": "What allows us to test the rendered output of our component.",
              "term": "Snapshot Test",
            },
            Object {
              "cardNumber": 208,
              "categoryId": 2,
              "definition": "A helper function imported from Enzyme that allows us to create a shallow render to represent the output of our component.",
              "term": "shallow()",
            },
            Object {
              "cardNumber": 209,
              "categoryId": 2,
              "definition": "Basic representation of the rendered output for our component.",
              "term": "Shallow Render",
            },
            Object {
              "cardNumber": 210,
              "categoryId": 2,
              "definition": "Created with the shallow render method from Enzyme, gives us the 'wrapper' variable to refer to in place of our component test subject",
              "term": "wrapper",
            },
            Object {
              "cardNumber": 211,
              "categoryId": 2,
              "definition": "A handy method from Enzyme that allows us to access the state of our component.",
              "term": ".state()",
            },
            Object {
              "cardNumber": 212,
              "categoryId": 2,
              "definition": "Allows us to assert that a function has been called without having to worry about the logic inside of them.",
              "term": "jest.fn()",
            },
            Object {
              "cardNumber": 213,
              "categoryId": 2,
              "definition": "Finds every node in the render tree of the current wrapper that matches the provided selector.",
              "term": ".find(selector)",
            },
            Object {
              "cardNumber": 214,
              "categoryId": 2,
              "definition": "Simulates an event on an element by passing the event name string in as an argument.",
              "term": ".simulate()",
            },
          ],
          "removeFromDeck": [Function],
        },
        "ref": null,
        "rendered": null,
        "type": [Function],
      },
    ],
    "type": "main",
  },
  Symbol(enzyme.__nodes__): Array [
    Object {
      "instance": null,
      "key": undefined,
      "nodeType": "host",
      "props": Object {
        "children": Array [
          <UNDEFINED />,
          <UNDEFINED />,
          <FlashCards
            card={
              Object {
                "cardNumber": 101,
                "categoryId": 1,
                "definition": "A client-side JavaScript framework that allows you to easily and efficiently manipulate the DOM based on application data and how it changes in response to user interaction",
                "term": "React",
              }
            }
            deck={
              Array [
                Object {
                  "cardNumber": 101,
                  "categoryId": 1,
                  "definition": "A client-side JavaScript framework that allows you to easily and efficiently manipulate the DOM based on application data and how it changes in response to user interaction",
                  "term": "React",
                },
                Object {
                  "cardNumber": 102,
                  "categoryId": 1,
                  "definition": "An in-memory object that represents a DOM structure and can be manipulated with JavaScript before updating the real DOM",
                  "term": "The Virtual DOM",
                },
                Object {
                  "cardNumber": 103,
                  "categoryId": 1,
                  "definition": "A mix of JavaScript and XML that facilitates rendering the appropriate HTML, lives inside a component",
                  "term": "JSX",
                },
                Object {
                  "cardNumber": 104,
                  "categoryId": 1,
                  "definition": "Reusable pieces of code that represent templates for a particular instance of a UI element. They are either functions or an extended ES6 class",
                  "term": "Component",
                },
                Object {
                  "cardNumber": 105,
                  "categoryId": 1,
                  "definition": "Components that simply need to render content to the DOM, and do not need to be aware of any application data that might be changing. They are sometimes called 'dumb' components and are stateless.",
                  "term": "Functional Component",
                },
                Object {
                  "cardNumber": 106,
                  "categoryId": 1,
                  "definition": "ES6 classes that extend an abstract 'Component' class,given to us by default by React to give more functionality to a component.  They each have a render method that allows us to specify what should be rendered to the DOM, and they keep track of some sort of application data.",
                  "term": "Class Component",
                },
                Object {
                  "cardNumber": 107,
                  "categoryId": 1,
                  "definition": "allow us to pass information from parent components to child components. We can pass strings, numbers, booleans, arrays, objects, functions, pretty much any piece of data we want access to in our child component.",
                  "term": "Props",
                },
                Object {
                  "cardNumber": 108,
                  "categoryId": 1,
                  "definition": "Holds data that represents the actual state of our application, can be changed and mutated through user interactions. The current data stored in relation to a particular part of a computer program.",
                  "term": "State",
                },
                Object {
                  "cardNumber": 109,
                  "categoryId": 1,
                  "definition": "A class component which stores and updates the information which it uses to render HTML (using state).",
                  "term": "Stateful Component",
                },
                Object {
                  "cardNumber": 110,
                  "categoryId": 1,
                  "definition": "The process where a component is created, updated and destroyed.",
                  "term": "Lifecycle",
                },
                Object {
                  "cardNumber": 111,
                  "categoryId": 1,
                  "definition": "A function that is invoked at some point during a component’s lifecycle.",
                  "term": "Lifecycle Method",
                },
                Object {
                  "cardNumber": 112,
                  "categoryId": 1,
                  "definition": "A lifecycle method that will be invoked after a component finishes rendering.  A good place to fetch or load data that a component's state might need.",
                  "term": "componentDidMount",
                },
                Object {
                  "cardNumber": 113,
                  "categoryId": 1,
                  "definition": "Part of the user interface which is only displayed if some condition is met, hiding or showing UI elements based on information in state or passed in as props.",
                  "term": "Conditional Rendering",
                },
                Object {
                  "cardNumber": 114,
                  "categoryId": 1,
                  "definition": "Data in the form of props is sent down from a parent to child component, and the child can use an inherited method to alert the parent of any changes/actions.",
                  "term": "Data Down, Actions Up",
                },
                Object {
                  "cardNumber": 115,
                  "categoryId": 1,
                  "definition": "Props that can be anything from state to methods, are passed down so they are accessible to child components.",
                  "term": "Data Down",
                },
                Object {
                  "cardNumber": 116,
                  "categoryId": 1,
                  "definition": "The parent component will pass the child a callback function as a prop. The child would then call the function to communicate with its parent, usually in response to a user interaction/event.",
                  "term": "Actions Up",
                },
                Object {
                  "cardNumber": 117,
                  "categoryId": 1,
                  "definition": "An officially supported way to create single-page React applications. It offers a modern build setup with no configuration.",
                  "term": "create-react-app",
                },
                Object {
                  "cardNumber": 201,
                  "categoryId": 2,
                  "definition": "Subject Under Test",
                  "term": "SUT",
                },
                Object {
                  "cardNumber": 202,
                  "categoryId": 2,
                  "definition": "Single Responsibility Principal: Each object/class/module/function should have a single, focused duty, and should know only as much information as it needs to perform it. This creates fewer dependencies and prevents bugs from creeping into our codebase",
                  "term": "SRP",
                },
                Object {
                  "cardNumber": 203,
                  "categoryId": 2,
                  "definition": "Setup, Execution, Assertion, Tear Down",
                  "term": "Four Phases of a Test",
                },
                Object {
                  "cardNumber": 204,
                  "categoryId": 2,
                  "definition": "A node-based test runner allowing fast parallel running of tests in a node environment.  It automatically finds tests in your codebase, mocks React dependencies, and runs your tests with fake DOM implementation",
                  "term": "Jest",
                },
                Object {
                  "cardNumber": 205,
                  "categoryId": 2,
                  "definition": "A JavaScript Testing utility for React that makes it easier to test your React Components' output.  It allows test files to be more readable and provides us with helper methods for testing common pieces of functionality.",
                  "term": "Enzyme",
                },
                Object {
                  "cardNumber": 206,
                  "categoryId": 2,
                  "definition": "What gets rendered, State Changes, Event Handlers",
                  "term": "3 to Test on a Component",
                },
                Object {
                  "cardNumber": 207,
                  "categoryId": 2,
                  "definition": "What allows us to test the rendered output of our component.",
                  "term": "Snapshot Test",
                },
                Object {
                  "cardNumber": 208,
                  "categoryId": 2,
                  "definition": "A helper function imported from Enzyme that allows us to create a shallow render to represent the output of our component.",
                  "term": "shallow()",
                },
                Object {
                  "cardNumber": 209,
                  "categoryId": 2,
                  "definition": "Basic representation of the rendered output for our component.",
                  "term": "Shallow Render",
                },
                Object {
                  "cardNumber": 210,
                  "categoryId": 2,
                  "definition": "Created with the shallow render method from Enzyme, gives us the 'wrapper' variable to refer to in place of our component test subject",
                  "term": "wrapper",
                },
                Object {
                  "cardNumber": 211,
                  "categoryId": 2,
                  "definition": "A handy method from Enzyme that allows us to access the state of our component.",
                  "term": ".state()",
                },
                Object {
                  "cardNumber": 212,
                  "categoryId": 2,
                  "definition": "Allows us to assert that a function has been called without having to worry about the logic inside of them.",
                  "term": "jest.fn()",
                },
                Object {
                  "cardNumber": 213,
                  "categoryId": 2,
                  "definition": "Finds every node in the render tree of the current wrapper that matches the provided selector.",
                  "term": ".find(selector)",
                },
                Object {
                  "cardNumber": 214,
                  "categoryId": 2,
                  "definition": "Simulates an event on an element by passing the event name string in as an argument.",
                  "term": ".simulate()",
                },
              ]
            }
            removeFromDeck={[Function]}
          />,
        ],
        "className": "App",
      },
      "ref": null,
      "rendered": Array [
        Object {
          "instance": null,
          "key": undefined,
          "nodeType": "function",
          "props": Object {},
          "ref": null,
          "rendered": null,
          "type": Object {},
        },
        Object {
          "instance": null,
          "key": undefined,
          "nodeType": "function",
          "props": Object {},
          "ref": null,
          "rendered": null,
          "type": Object {},
        },
        Object {
          "instance": null,
          "key": undefined,
          "nodeType": "function",
          "props": Object {
            "card": Object {
              "cardNumber": 101,
              "categoryId": 1,
              "definition": "A client-side JavaScript framework that allows you to easily and efficiently manipulate the DOM based on application data and how it changes in response to user interaction",
              "term": "React",
            },
            "deck": Array [
              Object {
                "cardNumber": 101,
                "categoryId": 1,
                "definition": "A client-side JavaScript framework that allows you to easily and efficiently manipulate the DOM based on application data and how it changes in response to user interaction",
                "term": "React",
              },
              Object {
                "cardNumber": 102,
                "categoryId": 1,
                "definition": "An in-memory object that represents a DOM structure and can be manipulated with JavaScript before updating the real DOM",
                "term": "The Virtual DOM",
              },
              Object {
                "cardNumber": 103,
                "categoryId": 1,
                "definition": "A mix of JavaScript and XML that facilitates rendering the appropriate HTML, lives inside a component",
                "term": "JSX",
              },
              Object {
                "cardNumber": 104,
                "categoryId": 1,
                "definition": "Reusable pieces of code that represent templates for a particular instance of a UI element. They are either functions or an extended ES6 class",
                "term": "Component",
              },
              Object {
                "cardNumber": 105,
                "categoryId": 1,
                "definition": "Components that simply need to render content to the DOM, and do not need to be aware of any application data that might be changing. They are sometimes called 'dumb' components and are stateless.",
                "term": "Functional Component",
              },
              Object {
                "cardNumber": 106,
                "categoryId": 1,
                "definition": "ES6 classes that extend an abstract 'Component' class,given to us by default by React to give more functionality to a component.  They each have a render method that allows us to specify what should be rendered to the DOM, and they keep track of some sort of application data.",
                "term": "Class Component",
              },
              Object {
                "cardNumber": 107,
                "categoryId": 1,
                "definition": "allow us to pass information from parent components to child components. We can pass strings, numbers, booleans, arrays, objects, functions, pretty much any piece of data we want access to in our child component.",
                "term": "Props",
              },
              Object {
                "cardNumber": 108,
                "categoryId": 1,
                "definition": "Holds data that represents the actual state of our application, can be changed and mutated through user interactions. The current data stored in relation to a particular part of a computer program.",
                "term": "State",
              },
              Object {
                "cardNumber": 109,
                "categoryId": 1,
                "definition": "A class component which stores and updates the information which it uses to render HTML (using state).",
                "term": "Stateful Component",
              },
              Object {
                "cardNumber": 110,
                "categoryId": 1,
                "definition": "The process where a component is created, updated and destroyed.",
                "term": "Lifecycle",
              },
              Object {
                "cardNumber": 111,
                "categoryId": 1,
                "definition": "A function that is invoked at some point during a component’s lifecycle.",
                "term": "Lifecycle Method",
              },
              Object {
                "cardNumber": 112,
                "categoryId": 1,
                "definition": "A lifecycle method that will be invoked after a component finishes rendering.  A good place to fetch or load data that a component's state might need.",
                "term": "componentDidMount",
              },
              Object {
                "cardNumber": 113,
                "categoryId": 1,
                "definition": "Part of the user interface which is only displayed if some condition is met, hiding or showing UI elements based on information in state or passed in as props.",
                "term": "Conditional Rendering",
              },
              Object {
                "cardNumber": 114,
                "categoryId": 1,
                "definition": "Data in the form of props is sent down from a parent to child component, and the child can use an inherited method to alert the parent of any changes/actions.",
                "term": "Data Down, Actions Up",
              },
              Object {
                "cardNumber": 115,
                "categoryId": 1,
                "definition": "Props that can be anything from state to methods, are passed down so they are accessible to child components.",
                "term": "Data Down",
              },
              Object {
                "cardNumber": 116,
                "categoryId": 1,
                "definition": "The parent component will pass the child a callback function as a prop. The child would then call the function to communicate with its parent, usually in response to a user interaction/event.",
                "term": "Actions Up",
              },
              Object {
                "cardNumber": 117,
                "categoryId": 1,
                "definition": "An officially supported way to create single-page React applications. It offers a modern build setup with no configuration.",
                "term": "create-react-app",
              },
              Object {
                "cardNumber": 201,
                "categoryId": 2,
                "definition": "Subject Under Test",
                "term": "SUT",
              },
              Object {
                "cardNumber": 202,
                "categoryId": 2,
                "definition": "Single Responsibility Principal: Each object/class/module/function should have a single, focused duty, and should know only as much information as it needs to perform it. This creates fewer dependencies and prevents bugs from creeping into our codebase",
                "term": "SRP",
              },
              Object {
                "cardNumber": 203,
                "categoryId": 2,
                "definition": "Setup, Execution, Assertion, Tear Down",
                "term": "Four Phases of a Test",
              },
              Object {
                "cardNumber": 204,
                "categoryId": 2,
                "definition": "A node-based test runner allowing fast parallel running of tests in a node environment.  It automatically finds tests in your codebase, mocks React dependencies, and runs your tests with fake DOM implementation",
                "term": "Jest",
              },
              Object {
                "cardNumber": 205,
                "categoryId": 2,
                "definition": "A JavaScript Testing utility for React that makes it easier to test your React Components' output.  It allows test files to be more readable and provides us with helper methods for testing common pieces of functionality.",
                "term": "Enzyme",
              },
              Object {
                "cardNumber": 206,
                "categoryId": 2,
                "definition": "What gets rendered, State Changes, Event Handlers",
                "term": "3 to Test on a Component",
              },
              Object {
                "cardNumber": 207,
                "categoryId": 2,
                "definition": "What allows us to test the rendered output of our component.",
                "term": "Snapshot Test",
              },
              Object {
                "cardNumber": 208,
                "categoryId": 2,
                "definition": "A helper function imported from Enzyme that allows us to create a shallow render to represent the output of our component.",
                "term": "shallow()",
              },
              Object {
                "cardNumber": 209,
                "categoryId": 2,
                "definition": "Basic representation of the rendered output for our component.",
                "term": "Shallow Render",
              },
              Object {
                "cardNumber": 210,
                "categoryId": 2,
                "definition": "Created with the shallow render method from Enzyme, gives us the 'wrapper' variable to refer to in place of our component test subject",
                "term": "wrapper",
              },
              Object {
                "cardNumber": 211,
                "categoryId": 2,
                "definition": "A handy method from Enzyme that allows us to access the state of our component.",
                "term": ".state()",
              },
              Object {
                "cardNumber": 212,
                "categoryId": 2,
                "definition": "Allows us to assert that a function has been called without having to worry about the logic inside of them.",
                "term": "jest.fn()",
              },
              Object {
                "cardNumber": 213,
                "categoryId": 2,
                "definition": "Finds every node in the render tree of the current wrapper that matches the provided selector.",
                "term": ".find(selector)",
              },
              Object {
                "cardNumber": 214,
                "categoryId": 2,
                "definition": "Simulates an event on an element by passing the event name string in as an argument.",
                "term": ".simulate()",
              },
            ],
            "removeFromDeck": [Function],
          },
          "ref": null,
          "rendered": null,
          "type": [Function],
        },
      ],
      "type": "main",
    },
  ],
  Symbol(enzyme.__options__): Object {
    "adapter": ReactSixteenAdapter {
      "options": Object {
        "enableComponentDidUpdateOnSetState": true,
        "legacyContextMode": "parent",
        "lifecycles": Object {
          "componentDidUpdate": Object {
            "onSetState": true,
          },
          "getChildContext": Object {
            "calledByRenderer": false,
          },
          "getDerivedStateFromError": true,
          "getDerivedStateFromProps": Object {
            "hasShouldComponentUpdateBug": false,
          },
          "getSnapshotBeforeUpdate": true,
          "setState": Object {
            "skipsComponentDidUpdateOnNullish": true,
          },
        },
      },
    },
  },
  Symbol(enzyme.__childContext__): null,
}
`;
